Auth users:
  e57e667c-7221-48cb-8e4b-7c2105177f2c | doctor@graamswasthya.in
  753e8e88-d83b-47d0-8022-4100dd9613c6 | admin@graamswasthya.in
  157f4119-7fc7-4f4f-ba0c-f34a1ec37be0 | testmail@123.com

platform_users: 3 rows
  157f4119-7fc7-4f4f-ba0c-f34a1ec37be0 | Samarth Kale | doctor
  753e8e88-d83b-47d0-8022-4100dd9613c6 | Admin User | admin
  e57e667c-7221-48cb-8e4b-7c2105177f2c | Dr. Sharma | doctor

Admin platform_users: OK
Doctor platform_users: OK

Final platform_users: 3 rows
  157f4119-7fc7-4f4f-ba0c-f34a1ec37be0 | Samarth Kale | doctor
  753e8e88-d83b-47d0-8022-4100dd9613c6 | Admin User | admin
  e57e667c-7221-48cb-8e4b-7c2105177f2c | Dr. Sharma | doctor

--- Full login test ---
Profile FAIL: Cannot coerce the result to a single JSON object
